// Vitest Snapshot v1, https://vitest.dev/guide/snapshot.html

exports[`App > should match snapshot 1`] = `"<h3 class=\\"_counter_30b361\\">Counter: 0</h3><button id=\\"clickMe\\">Click me!</button>"`;
