// Vitest Snapshot v1, https://vitest.dev/guide/snapshot.html

exports[`EmptyTLDriver > should render 1`] = `"<div>testing-library-base-driver</div>"`;
